exports[`<Navbar /> should render with default props 1`] = `
<div
  className={undefined}>
  <Header
    align="center"
    direction="row"
    justify="between"
    pad={
      Object {
        "between": "small",
        "horizontal": "none",
        "vertical": "none"
      }
    }
    responsive={false}>
    <Title
      responsive={true}>
      <Anchor
        href="/"
        tag="a">
        <undefined />
      </Anchor>
    </Title>
    <Menu
      align="center"
      closeOnClick={true}
      direction="row"
      dropAlign={
        Object {
          "left": "left",
          "top": "top"
        }
      }
      pad="none"
      responsive={false}
      style={
        Object {
          "marginRight": 20
        }
      }>
      <Anchor
        className="active"
        href="/blog"
        tag="a">
        Blog
      </Anchor>
      <Anchor
        href="/portfolio"
        tag="a">
        Portfolio
      </Anchor>
      <Anchor
        href="/other"
        tag="a">
        Other
      </Anchor>
    </Menu>
  </Header>
</div>
`;
